// Jest Snapshot v1, https://goo.gl/fbAQLP

exports[`<PeopleCard /> With peopleAvatar prop matches with snapshot 1`] = `
<article
  className="sc-dkPtRN qWNZV k-PeopleCard"
>
  <div
    className="k-PeopleCard__image"
  >
    <div
      className="sc-gsDKAQ knftEm k-Avatar__wrapper"
    >
      <div
        className="k-Avatar k-Avatar--small"
        style={
          Object {
            "--Avatar-height": undefined,
            "--Avatar-width": undefined,
            "--k-Avatar-background-color": "var(--color-primary-900, #0496cc)",
            "--k-Avatar-color": "var(--color-grey-000, #fff)",
          }
        }
      >
        <span
          className="k-Avatar__imageWrapper"
        >
          <img
            alt=""
            className="k-Avatar__image"
            src="/kitten-0.jpg"
          />
        </span>
      </div>
    </div>
  </div>
  <div
    className="k-PeopleCard__cell"
  >
    Fusce dapibus, tellus ac cursus commodo, tortor mauris condimentum nibh, ut fermentum massa justo sit amet risus.
  </div>
  <div
    className="k-PeopleCard__lastCell"
  >
    •••
  </div>
</article>
`;

exports[`<PeopleCard /> default matches with snapshot 1`] = `
<article
  className="sc-dkPtRN qWNZV k-PeopleCard"
>
  <div
    className="k-PeopleCard__image"
  >
    <div
      className="sc-gsDKAQ knftEm k-Avatar__wrapper"
    >
      <div
        className="k-Avatar k-Avatar--small"
        style={
          Object {
            "--Avatar-height": undefined,
            "--Avatar-width": undefined,
            "--k-Avatar-background-color": "var(--color-primary-900, #0496cc)",
            "--k-Avatar-color": "var(--color-grey-000, #fff)",
          }
        }
      >
        <span
          className="k-Avatar__imageWrapper"
        >
          <img
            alt=""
            className="k-Avatar__image"
            src="/kitten-0.jpg"
          />
        </span>
      </div>
    </div>
  </div>
  <div
    className="k-PeopleCard__cell"
  >
    Fusce dapibus, tellus ac cursus commodo, tortor mauris condimentum nibh, ut fermentum massa justo sit amet risus.
  </div>
  <div
    className="k-PeopleCard__lastCell"
  >
    •••
  </div>
</article>
`;
