// Jest Snapshot v1, https://goo.gl/fbAQLP

exports[`<DatePicker /> by default matches with snapshot 1`] = `
<div
  className="sc-htoDjs bqdhgJ"
>
  <div
    className="DayPickerInput"
  >
    <div
      className="sc-ifAKCX bCBibu"
    >
      <input
        autoComplete="off"
        className="sc-bwzfXH cmvcxy sc-EHOje kAxTfU"
        disabled={false}
        name="text"
        onBlur={[Function]}
        onChange={[Function]}
        onClick={[Function]}
        onFocus={[Function]}
        onKeyDown={[Function]}
        onKeyUp={[Function]}
        placeholder="dd/mm/yyyy"
        type="text"
        value=""
      />
      <span
        className="sc-bZQynM TJfWV"
        disabled={false}
      >
        ðŸ“…
      </span>
    </div>
  </div>
</div>
`;

exports[`<DatePicker /> with custom input matches with snapshot 1`] = `
<div
  className="sc-htoDjs bqdhgJ"
>
  <div
    className="DayPickerInput"
  >
    <input
      autoComplete="off"
      onBlur={[Function]}
      onChange={[Function]}
      onClick={[Function]}
      onFocus={[Function]}
      onKeyDown={[Function]}
      onKeyUp={[Function]}
      placeholder="dd/mm/yyyy"
      type="text"
      value=""
    />
  </div>
</div>
`;
