// Jest Snapshot v1, https://goo.gl/fbAQLP

exports[`<DevGrid /> with default props matches with snapshot 1`] = `
<div
  className="sc-bdVaJa fBOtcW k-Dev"
>
  <div
    className="k-DevBreakpoint"
  />
  <div
    className="k-DevGrid"
  >
    <div
      className="k-DevGrid__container"
    >
      <div
        className="k-DevGrid__row"
      >
        <div
          className="k-DevGrid__col"
        >
          <div
            className="k-DevGrid__inner"
          />
        </div>
        <div
          className="k-DevGrid__col"
        >
          <div
            className="k-DevGrid__inner"
          />
        </div>
        <div
          className="k-DevGrid__col"
        >
          <div
            className="k-DevGrid__inner"
          />
        </div>
        <div
          className="k-DevGrid__col"
        >
          <div
            className="k-DevGrid__inner"
          />
        </div>
        <div
          className="k-DevGrid__col"
        >
          <div
            className="k-DevGrid__inner"
          />
        </div>
        <div
          className="k-DevGrid__col"
        >
          <div
            className="k-DevGrid__inner"
          />
        </div>
        <div
          className="k-DevGrid__col"
        >
          <div
            className="k-DevGrid__inner"
          />
        </div>
        <div
          className="k-DevGrid__col"
        >
          <div
            className="k-DevGrid__inner"
          />
        </div>
        <div
          className="k-DevGrid__col"
        >
          <div
            className="k-DevGrid__inner"
          />
        </div>
        <div
          className="k-DevGrid__col"
        >
          <div
            className="k-DevGrid__inner"
          />
        </div>
        <div
          className="k-DevGrid__col"
        >
          <div
            className="k-DevGrid__inner"
          />
        </div>
        <div
          className="k-DevGrid__col"
        >
          <div
            className="k-DevGrid__inner"
          />
        </div>
      </div>
    </div>
  </div>
</div>
`;
