// Jest Snapshot v1, https://goo.gl/fbAQLP

exports[`<Label /> should match its empty snapshot 1`] = `
<label
  className="sc-bdVaJa hEefBW k-Label k-Label--normal"
  onClick={[Function]}
>
  Label
</label>
`;

exports[`<Label /> should match its propped snapshot 1`] = `
<span
  className="sc-bdVaJa hEefBW k-Label k-Label--tiny k-Label--withoutPointerEvents"
  htmlFor="customId"
  onClick={[Function]}
>
  Custom form label
  <span
    className="k-Label--dot"
    style={
      Object {
        "--dot-background-color": "#ff7800",
        "--dot-width": "0.4375rem",
      }
    }
    tabIndex="-1"
    title="champs obligatoire"
  />
</span>
`;
