// Jest Snapshot v1, https://goo.gl/fbAQLP

exports[`<ButtonImageWithText /> should match its empty snapshot 1`] = `
<div
  data-radium={true}
  style={
    Object {
      "alignItems": "center",
      "display": "flex",
      "flex": "1",
    }
  }
>
  <span
    className="k-ButtonImage k-ButtonImage--withoutPointerEvents"
    tabIndex={null}
  >
    <img
      alt=""
      className="k-ButtonImage__img"
      src="https://placehold.it/100x100/caf4fe/caf4fe"
    />
  </span>
  <div
    data-radium={true}
    style={
      Object {
        "lineHeight": "1.2",
        "marginLeft": "10px",
      }
    }
  >
    <p
      className="k-u-size-tiny k-u-weight-light"
      data-radium={true}
      style={
        Object {
          "alignItems": "center",
          "display": "flex",
          "flex": "1",
          "margin": 0,
        }
      }
    >
      Custom title
    </p>
    <p
      className="k-u-size-tiny k-u-weight-light"
      data-radium={true}
      style={
        Object {
          "alignItems": "center",
          "display": "flex",
          "flex": "1",
          "margin": 0,
        }
      }
    >
      Custom description
    </p>
  </div>
</div>
`;
