// Jest Snapshot v1, https://goo.gl/fbAQLP

exports[`<EngagementCardWithImage /> by default matches with snapshot 1`] = `
<a
  className="sc-bdVaJa iCkDfz"
  href="#"
  title="Hello word"
>
  <div
    className="sc-bwzfXH chwYRj"
  >
    <img
      alt=""
      className="sc-htpNat bvrdCN"
      src="kitten.jpg"
      srcSet="kitten.jpg 1x, kitten@2x.jpg 2x"
    />
  </div>
  <span
    aria-label="test label"
    className="k-u-color-font1 k-u-decoration-none k-u-line-height-normal k-u-size-micro k-u-weight-regular sc-bxivhb iSbjCA"
  />
</a>
`;
